[www.opz.com/presale.html]
[www.opz.com/assets/2c5394094daa1c985564-Bp1NU2Un.eot]
[www.opz.com/assets/6a9f5e4b044e436823f3-DRxEgXwu.woff2]
[www.opz.com/assets/fa070dcc71d7190e8c44-C_52lA0y.woff]
[www.opz.com/assets/11e2353a399825874867-Dzw3bbFv.ttf]
[www.opz.com/vendors/font-awesome-v6.css]
[www.opz.com/vendors/din-pro.css]
[tools.luckyorange.com/core/lof14a.js]
[www.opz.com/assets/index-jdACH0Rc.js]
[www.opz.com/assets/index-st4cR-qp.css]
[www.opz.com/manifest.webmanifest]
[backblue.gif]
[fade.gif]
[index.html]
[connect.facebook.net/en_US/fbevents.js]
[appleid.cdn-apple.com/appleauth/static/jsapi/appleid/1/en_US/appleid.auth.js]
[www.opz.com/presale.html]
[www.opz.com/fonts/fa-brands-400.woff2]
[www.opz.com/fonts/fa-brands-400.ttf]
[www.opz.com/fonts/fa-regular-400.woff2]
[www.opz.com/fonts/fa-regular-400.ttf]
[www.opz.com/fonts/fa-solid-900.woff2]
[www.opz.com/fonts/fa-solid-900.ttf]
[www.opz.com/fonts/fa-v4compatibility.woff2]
[www.opz.com/fonts/fa-v4compatibility.ttf]
[www.opz.com/vendors/font-awesome-v6.css]
[www.opz.com/fonts/DINPRO-Regular.otf]
[www.opz.com/fonts/DINPRO-Bold.otf]
[www.opz.com/fonts/DINPRO-Medium.otf]
[www.opz.com/fonts/DINPRO-Light.otf]
[www.opz.com/fonts/DINPRO-Black.otf]
[www.opz.com/vendors/din-pro.css]
[www.opz.com/assets/index-st4cR-qp.css]
[www.opz.com/a.html]
[www.opz.com/POST.html]
[www.opz.com/b.html]
[www.opz.com/signals/iwl.js]
[connect.facebook.net/en_US/fbevents.js]
[www.opz.com/a.html]
[www.opz.com/POST.html]
[www.opz.com/index.html]
[www.opz.com/schema.org/index.html]
[www.opz.com/schema.org/index.html]
[www.opz.com/index.html]
[www.opz.com/b.html]
[www.opz.com/signals/iwl.html]
